#-----------------------------------------------------------
# Vivado v2021.1 (64-bit)
# SW Build 3247384 on Thu Jun 10 19:36:33 MDT 2021
# IP Build 3246043 on Fri Jun 11 00:30:35 MDT 2021
# Start of session at: Thu May 18 21:08:56 2023
# Process ID: 171040
# Current directory: C:/Users/yaroslav/Desktop/bachelor-project/vivado/tb/i2s_receiver_tb/i2s_receiver_tb.runs/design_1_i2s_transceiver_0_0_synth_1
# Command line: vivado.exe -log design_1_i2s_transceiver_0_0.vds -product Vivado -mode batch -messageDb vivado.pb -notrace -source design_1_i2s_transceiver_0_0.tcl
# Log file: C:/Users/yaroslav/Desktop/bachelor-project/vivado/tb/i2s_receiver_tb/i2s_receiver_tb.runs/design_1_i2s_transceiver_0_0_synth_1/design_1_i2s_transceiver_0_0.vds
# Journal file: C:/Users/yaroslav/Desktop/bachelor-project/vivado/tb/i2s_receiver_tb/i2s_receiver_tb.runs/design_1_i2s_transceiver_0_0_synth_1\vivado.jou
#-----------------------------------------------------------
source design_1_i2s_transceiver_0_0.tcl -notrace
